// Jest Snapshot v1, https://goo.gl/fbAQLP

exports[`@native-twin/styled Complex View 1`] = `
<View
  groupID=":r2:"
  onBlur={[Function]}
  onFocus={[Function]}
  onTouchEnd={[Function]}
  onTouchStart={[Function]}
  style={
    {
      "alignItems": "center",
      "backgroundColor": "rgba(254,205,211,1)",
      "borderColor": "rgba(255,255,255,1)",
      "borderWidth": 2,
      "flexBasis": "0%",
      "flexGrow": 1,
      "flexShrink": 1,
      "justifyContent": "center",
      "margin": 8,
      "padding": 56,
    }
  }
>
  <Text
    groupID=":r2:"
    onBlur={[Function]}
    onFocus={[Function]}
    onTouchEnd={[Function]}
    onTouchStart={[Function]}
    parentID=":r2:"
    style={
      {
        "color": "rgba(79,70,229,1)",
        "fontSize": 24,
        "textAlign": "center",
      }
    }
  >
    H1 - 1
  </Text>
</View>
`;

exports[`@native-twin/styled ScrollView render 1`] = `
<RCTScrollView
  groupID=":r0:"
  style={
    {
      "flexBasis": "0%",
      "flexGrow": 1,
      "flexShrink": 1,
    }
  }
>
  <View>
    <View
      groupID=":r0:"
      parentID=":r0:"
      style={{}}
    />
  </View>
</RCTScrollView>
`;
