// Jest Snapshot v1, https://goo.gl/fbAQLP

exports[`@native-twin/styled CustomView render 1`] = `
<View
  groupID=":r1:"
  style={
    {
      "elevation": 1,
      "flexBasis": "0%",
      "flexGrow": 1,
      "flexShrink": 1,
      "shadowColor": "rgb(0,0,0)",
      "shadowOffset": {
        "height": 1,
        "width": 0,
      },
      "shadowOpacity": 0.3,
      "shadowRadius": 3,
    }
  }
>
  <Text
    groupID=":r1:"
    parentID=":r1:"
    style={
      {
        "lineHeight": 1.5,
      }
    }
  >
    asd
  </Text>
</View>
`;

exports[`@native-twin/styled StyledView render 1`] = `
<View
  groupID=":r0:"
  style={
    {
      "flexBasis": "0%",
      "flexGrow": 1,
      "flexShrink": 1,
    }
  }
/>
`;
