// Vitest Snapshot v1, https://vitest.dev/guide/snapshot.html

exports[`enumerate 1`] = `
[
  "sm:",
  "md:",
  "lg:",
  "xl:",
  "2xl:",
  "active:",
  "after:",
  "any-link:",
  "backdrop:",
  "before:",
  "checked:",
  "contrast-less:",
  "contrast-more:",
  "dark:",
  "default:",
  "defined:",
  "disabled:",
  "empty:",
  "enabled:",
  "even:",
  "file:",
  "first-child:",
  "first-letter:",
  "first-line:",
  "first-of-type:",
  "first:",
  "focus-within:",
  "focus-visible:",
  "focus:",
  "fullscreen:",
  "hover:",
  "in-range:",
  "indeterminate:",
  "invalid:",
  "landscape:",
  "last-child:",
  "last-of-type:",
  "last:",
  "link:",
  "ltr:",
  "marker:",
  "motion-safe:",
  "motion-reduce:",
  "odd:",
  "only-child:",
  "only-of-type:",
  "only:",
  "open:",
  "optional:",
  "out-of-range:",
  "paused:",
  "picture-in-picture:",
  "placeholder-shown:",
  "placeholder:",
  "playing:",
  "portrait:",
  "print:",
  "read-write:",
  "read-only:",
  "required:",
  "rtl:",
  "selection:",
  "sticky:",
  "target:",
  "valid:",
  "visited:",
  "absolute",
  "animate",
  "antialiased",
  "backdrop-sepia",
  "backdrop-saturate",
  "backdrop-invert",
  "backdrop-grayscale",
  "backdrop-contrast",
  "backdrop-brightness",
  "backdrop-blur",
  "backdrop-filter",
  "backdrop-opacity",
  "backdrop-hue-rotate",
  "backdrop-filter-none",
  "-backdrop-hue-rotate",
  "bg-bottom",
  "bg-center",
  "bg-left",
  "bg-right",
  "bg-top",
  "bg-repeat",
  "bg-fixed",
  "bg-local",
  "bg-scroll",
  "bg-left-bottom",
  "bg-left-top",
  "bg-right-bottom",
  "bg-right-top",
  "bg-clip-border",
  "bg-clip-content",
  "bg-clip-padding",
  "bg-clip-text",
  "bg-no-repeat",
  "bg-repeat-round",
  "bg-repeat-space",
  "bg-repeat-x",
  "bg-repeat-y",
  "bg-origin-border",
  "bg-origin-content",
  "bg-origin-padding",
  "bg-gradient-to-b",
  "bg-gradient-to-bl",
  "bg-gradient-to-br",
  "bg-gradient-to-l",
  "bg-gradient-to-r",
  "bg-gradient-to-t",
  "bg-gradient-to-tl",
  "bg-gradient-to-tr",
  "block",
  "blur",
  "border",
  "border-b",
  "border-l",
  "border-r",
  "border-t",
  "border-x",
  "border-y",
  "border-spacing",
  "border-dashed",
  "border-dotted",
  "border-double",
  "border-none",
  "border-solid",
  "border-collapse",
  "border-separate",
  "border-opacity",
  "border-spacing-x",
  "border-spacing-y",
  "bottom",
  "-bottom",
  "box-border",
  "box-content",
  "box-decoration-clone",
  "box-decoration-slice",
  "break-keep",
  "break-all",
  "break-words",
  "break-normal",
  "brightness",
  "capitalize",
  "clear-both",
  "clear-left",
  "clear-none",
  "clear-right",
  "col-end-auto",
  "col-start-auto",
  "collapse",
  "container",
  "contents",
  "contrast",
  "decoration-clone",
  "decoration-slice",
  "delay",
  "diagonal-fractions",
  "divide-x",
  "divide-y",
  "divide-dashed",
  "divide-dotted",
  "divide-double",
  "divide-none",
  "divide-solid",
  "divide-opacity",
  "divide-x-reverse",
  "divide-y-reverse",
  "drop-shadow",
  "duration",
  "ease",
  "filter",
  "filter-none",
  "fixed",
  "flex",
  "flex-grow",
  "flex-shrink",
  "flex-nowrap",
  "flex-wrap",
  "flex-col",
  "flex-row",
  "flex-wrap-reverse",
  "flex-col-reverse",
  "flex-row-reverse",
  "float-left",
  "float-none",
  "float-right",
  "flow-root",
  "gap",
  "gap-y",
  "gap-x",
  "grayscale",
  "grid",
  "grid-flow-dense",
  "grid-flow-col",
  "grid-flow-row",
  "grid-flow-col-dense",
  "grid-flow-row-dense",
  "grow",
  "hidden",
  "hue-rotate",
  "-hue-rotate",
  "inline",
  "inline-block",
  "inline-flex",
  "inline-grid",
  "inline-table",
  "inset",
  "inset-x",
  "inset-y",
  "-inset",
  "-inset-x",
  "-inset-y",
  "invert",
  "invisible",
  "isolate",
  "isolation-auto",
  "italic",
  "left",
  "-left",
  "line-through",
  "lining-nums",
  "list-inside",
  "list-outside",
  "list-item",
  "lowercase",
  "m",
  "-m",
  "mb",
  "-mb",
  "ml",
  "-ml",
  "mr",
  "-mr",
  "mt",
  "-mt",
  "mx",
  "-mx",
  "my",
  "-my",
  "no-underline",
  "normal-case",
  "normal-nums",
  "not-italic",
  "not-sr-only",
  "object-bottom",
  "object-center",
  "object-left",
  "object-right",
  "object-top",
  "object-contain",
  "object-cover",
  "object-fill",
  "object-none",
  "object-left-bottom",
  "object-left-top",
  "object-right-bottom",
  "object-right-top",
  "object-scale-down",
  "oldstyle-nums",
  "ordinal",
  "origin-bottom",
  "origin-center",
  "origin-left",
  "origin-right",
  "origin-top",
  "origin-bottom-left",
  "origin-bottom-right",
  "origin-top-left",
  "origin-top-right",
  "outline",
  "outline-dashed",
  "outline-dotted",
  "outline-double",
  "outline-none",
  "overflow-auto",
  "overflow-clip",
  "overflow-hidden",
  "overflow-scroll",
  "overflow-visible",
  "overflow-x-auto",
  "overflow-x-clip",
  "overflow-x-hidden",
  "overflow-x-scroll",
  "overflow-x-visible",
  "overflow-y-auto",
  "overflow-y-clip",
  "overflow-y-hidden",
  "overflow-y-scroll",
  "overflow-y-visible",
  "overline",
  "overscroll-auto",
  "overscroll-contain",
  "overscroll-none",
  "overscroll-x-auto",
  "overscroll-x-contain",
  "overscroll-x-none",
  "overscroll-y-auto",
  "overscroll-y-contain",
  "overscroll-y-none",
  "p",
  "pb",
  "pl",
  "pr",
  "proportional-nums",
  "pt",
  "px",
  "py",
  "relative",
  "resize",
  "resize-none",
  "resize-x",
  "resize-y",
  "right",
  "-right",
  "ring",
  "ring-inset",
  "ring-offset",
  "ring-opacity",
  "rounded",
  "rounded-b",
  "rounded-bl",
  "rounded-br",
  "rounded-l",
  "rounded-r",
  "rounded-t",
  "rounded-tl",
  "rounded-tr",
  "row-end-auto",
  "row-start-auto",
  "saturate",
  "scroll-m",
  "scroll-mb",
  "scroll-ml",
  "scroll-mr",
  "scroll-mt",
  "scroll-mx",
  "scroll-my",
  "scroll-p",
  "scroll-pb",
  "scroll-pl",
  "scroll-pr",
  "scroll-pt",
  "scroll-px",
  "scroll-py",
  "scroll-auto",
  "scroll-smooth",
  "-scroll-m",
  "-scroll-mb",
  "-scroll-ml",
  "-scroll-mr",
  "-scroll-mt",
  "-scroll-mx",
  "-scroll-my",
  "select-all",
  "select-auto",
  "select-none",
  "select-text",
  "sepia",
  "shadow",
  "shrink",
  "slashed-zero",
  "snap-always",
  "snap-normal",
  "snap-center",
  "snap-end",
  "snap-start",
  "snap-mandatory",
  "snap-proximity",
  "snap-both",
  "snap-x",
  "snap-y",
  "snap-none",
  "snap-align-none",
  "space-x",
  "space-y",
  "space-x-reverse",
  "space-y-reverse",
  "-space-x",
  "-space-y",
  "sr-only",
  "stacked-fractions",
  "static",
  "sticky",
  "subpixel-antialiased",
  "table",
  "table-caption",
  "table-cell",
  "table-column",
  "table-row",
  "table-auto",
  "table-fixed",
  "table-column-group",
  "table-footer-group",
  "table-header-group",
  "table-row-group",
  "tabular-nums",
  "text-clip",
  "text-ellipsis",
  "text-center",
  "text-end",
  "text-justify",
  "text-left",
  "text-right",
  "text-start",
  "top",
  "-top",
  "touch-auto",
  "touch-manipulation",
  "touch-none",
  "touch-pan-down",
  "touch-pan-left",
  "touch-pan-right",
  "touch-pan-up",
  "touch-pan-x",
  "touch-pan-y",
  "touch-pinch-zoom",
  "transform",
  "transform-cpu",
  "transform-gpu",
  "transform-none",
  "transition",
  "truncate",
  "underline",
  "uppercase",
  "visible",
]
`;
