// Vitest Snapshot v1, https://vitest.dev/guide/snapshot.html

exports[`suggest when additional modifiers exist 1`] = `
[
  "bg-red",
  "bg-red",
  "bg-red",
  "bg-red",
  "bg-red-50",
  "bg-red-100",
  "bg-red-200",
  "bg-red-300",
  "bg-red-400",
  "bg-red-500",
  "bg-red-600",
  "bg-red-700",
  "bg-red-800",
  "bg-red-900",
  "bg-red-50",
  "bg-red-100",
  "bg-red-200",
  "bg-red-300",
  "bg-red-400",
  "bg-red-500",
  "bg-red-600",
  "bg-red-700",
  "bg-red-800",
  "bg-red-900",
  "bg-red-50",
  "bg-red-100",
  "bg-red-200",
  "bg-red-300",
  "bg-red-400",
  "bg-red-500",
  "bg-red-600",
  "bg-red-700",
  "bg-red-800",
  "bg-red-900",
  "bg-red-50",
  "bg-red-100",
  "bg-red-200",
  "bg-red-300",
  "bg-red-400",
  "bg-red-500",
  "bg-red-600",
  "bg-red-700",
  "bg-red-800",
  "bg-red-900",
  "bg-repeat-round",
]
`;
