// Vitest Snapshot v1, https://vitest.dev/guide/snapshot.html

exports[`@universal-labs/primitives > H1 render 1`] = `
<Text
  accessibilityRole="header"
  groupID=":r0:"
  style={
    [
      {
        "fontSize": 14,
        "lineHeight": 20,
      },
    ]
  }
>
  Test H1
</Text>
`;
