// Vitest Snapshot v1

exports[`@universal-labs/primitives > View render 1`] = `
<div
  className="css-view-175oi2r undefined flex-1"
  dir={null}
>
  <span>
    Test View
  </span>
</div>
`;
